src/app/api/behavior/segments/route.ts(97,11): error TS2322: Type '{ userId: any; segment: string; score: number; }' is not assignable to type '(Without<UserSegmentCreateInput, UserSegmentUncheckedCreateInput> & UserSegmentUncheckedCreateInput) | (Without<...> & UserSegmentCreateInput)'.
  Type '{ userId: any; segment: string; score: number; }' is not assignable to type 'Without<UserSegmentUncheckedCreateInput, UserSegmentCreateInput> & UserSegmentCreateInput'.
    Property 'id' is missing in type '{ userId: any; segment: string; score: number; }' but required in type 'UserSegmentCreateInput'.
src/app/api/email/trigger/route.ts(154,9): error TS2322: Type 'InputJsonValue | undefined' is not assignable to type 'string | null | undefined'.
  Type 'number' is not assignable to type 'string'.
src/app/api/feedback/route.ts(43,7): error TS2322: Type '{ userId: string | null; sessionId: string; role: string; message: string; feedback: string | undefined; }' is not assignable to type '(Without<ConversationHistoryCreateInput, ConversationHistoryUncheckedCreateInput> & ConversationHistoryUncheckedCreateInput) | (Without<...> & ConversationHistoryCreateInput)'.
  Type '{ userId: string | null; sessionId: string; role: string; message: string; feedback: string | undefined; }' is not assignable to type 'Without<ConversationHistoryUncheckedCreateInput, ConversationHistoryCreateInput> & ConversationHistoryCreateInput'.
    Property 'id' is missing in type '{ userId: string | null; sessionId: string; role: string; message: string; feedback: string | undefined; }' but required in type 'ConversationHistoryCreateInput'.
src/app/api/notify/preferences/route.ts(135,9): error TS2322: Type 'InputJsonValue' is not assignable to type 'string | NullableStringFieldUpdateOperationsInput | null | undefined'.
  Type 'number' is not assignable to type 'string | NullableStringFieldUpdateOperationsInput | null | undefined'.
src/app/api/notify/send/route.ts(55,9): error TS2322: Type 'InputJsonValue | JsonNull' is not assignable to type 'string | null | undefined'.
  Type 'number' is not assignable to type 'string'.
src/lib/ai/knowledge-base-generator.ts(1371,9): error TS2322: Type '{ category: string; question: string; answer: string; keywords: string; language: string; priority: number; isActive: true; }' is not assignable to type '(Without<AiKnowledgeCreateInput, AiKnowledgeUncheckedCreateInput> & AiKnowledgeUncheckedCreateInput) | (Without<...> & AiKnowledgeCreateInput)'.
  Type '{ category: string; question: string; answer: string; keywords: string; language: string; priority: number; isActive: true; }' is not assignable to type 'Without<AiKnowledgeUncheckedCreateInput, AiKnowledgeCreateInput> & AiKnowledgeCreateInput'.
    Type '{ category: string; question: string; answer: string; keywords: string; language: string; priority: number; isActive: true; }' is missing the following properties from type 'AiKnowledgeCreateInput': id, updatedAt
src/lib/ai/knowledge-base.ts(10,15): error TS2724: '"@/generated/client"' has no exported member named 'aiKnowledge'. Did you mean 'AiKnowledge'?
src/lib/ai/knowledge-base.ts(411,9): error TS2322: Type '{ category: KnowledgeCategory; question: string | undefined; answer: string; keywords: string | undefined; language: "vi" | "en" | "both"; priority: number; isActive: true; }' is not assignable to type '(Without<AiKnowledgeCreateInput, AiKnowledgeUncheckedCreateInput> & AiKnowledgeUncheckedCreateInput) | (Without<...> & AiKnowledgeCreateInput)'.
  Type '{ category: KnowledgeCategory; question: string | undefined; answer: string; keywords: string | undefined; language: "vi" | "en" | "both"; priority: number; isActive: true; }' is not assignable to type 'Without<AiKnowledgeUncheckedCreateInput, AiKnowledgeCreateInput> & AiKnowledgeCreateInput'.
    Type '{ category: KnowledgeCategory; question: string | undefined; answer: string; keywords: string | undefined; language: "vi" | "en" | "both"; priority: number; isActive: true; }' is missing the following properties from type 'AiKnowledgeCreateInput': id, updatedAt
src/lib/ai/user-segmentation.ts(245,7): error TS2322: Type '{ userId: string; segment: UserSegment; score: number; calculatedAt: Date; expiresAt: Date; }[]' is not assignable to type 'UserSegmentCreateManyInput | UserSegmentCreateManyInput[]'.
  Type '{ userId: string; segment: UserSegment; score: number; calculatedAt: Date; expiresAt: Date; }[]' is not assignable to type 'UserSegmentCreateManyInput[]'.
    Property 'id' is missing in type '{ userId: string; segment: UserSegment; score: number; calculatedAt: Date; expiresAt: Date; }' but required in type 'UserSegmentCreateManyInput'.
src/lib/analytics/behavior.ts(79,9): error TS2322: Type 'InputJsonObject' is not assignable to type 'string'.
src/scripts/seed-knowledge-base.ts(572,9): error TS2322: Type '{ category: string; question: string; answer: string; keywords: string; language: string; priority: number; isActive: true; }' is not assignable to type '(Without<AiKnowledgeCreateInput, AiKnowledgeUncheckedCreateInput> & AiKnowledgeUncheckedCreateInput) | (Without<...> & AiKnowledgeCreateInput)'.
  Type '{ category: string; question: string; answer: string; keywords: string; language: string; priority: number; isActive: true; }' is not assignable to type 'Without<AiKnowledgeUncheckedCreateInput, AiKnowledgeCreateInput> & AiKnowledgeCreateInput'.
    Type '{ category: string; question: string; answer: string; keywords: string; language: string; priority: number; isActive: true; }' is missing the following properties from type 'AiKnowledgeCreateInput': id, updatedAt
tmp/check_db.ts(1,10): error TS2305: Module '"@prisma/client"' has no exported member 'PrismaClient'.
