
> likefood@1.0.0 build
> next build

Γû▓ Next.js 16.1.6 (Turbopack)
- Environments: .env.production, .env
- Experiments (use with caution):
  ┬╖ clientTraceMetadata
  ┬╖ optimizePackageImports

node.exe : ΓÜá The "middleware" file convention is 
deprecated. Please use "proxy" instead. Learn more: 
https://nextjs.org/docs/messages/middleware-to-proxy
At line:1 char:1
+ & "C:\Program Files\nodejs/node.exe" "C:\Program 
Files\nodejs/node_mo ...
+ ~~~~~~~~~~~~~~~~~~~~~~~~~~~~~~~~~~~~~~~~~~~~~~~~~~~~~~~~~
~~~~~~~~~~~~
    + CategoryInfo          : NotSpecified: (ΓÜá The "midd 
   le...leware-to-proxy:String) [], RemoteException
    + FullyQualifiedErrorId : NativeCommandError
 
  Creating an optimized production build ...

> Build error occurred
Error: Turbopack build failed with 1 errors:
./src/app/layout.tsx:18:1
Module not found: Can't resolve './globals.css'
[0m [90m 16 |[39m [36mimport[39m { 
[33mInter[39m[33m,[39m [33mOutfit[39m } 
[36mfrom[39m [32m"next/font/google"[39m[33m;[39m
 [90m 17 |[39m [36mimport[39m [33mScript[39m 
[36mfrom[39m [32m"next/script"[39m[33m;[39m
[31m[1m>[22m[39m[90m 18 |[39m [36mimport[39m 
[32m"./globals.css"[39m[33m;[39m
 [90m    |[39m [31m[1m^[22m[39m[31m[1m^[22m[39m[
31m[1m^[22m[39m[31m[1m^[22m[39m[31m[1m^[22m[39m
[31m[1m^[22m[39m[31m[1m^[22m[39m[31m[1m^[22m[39m
[31m[1m^[22m[39m[31m[1m^[22m[39m[31m[1m^[22m[39
m[31m[1m^[22m[39m[31m[1m^[22m[39m[31m[1m^[22m[3
9m[31m[1m^[22m[39m[31m[1m^[22m[39m[31m[1m^[22m[
39m[31m[1m^[22m[39m[31m[1m^[22m[39m[31m[1m^[22m
[39m[31m[1m^[22m[39m[31m[1m^[22m[39m[31m[1m^[22m
[39m
 [90m 19 |[39m [36mimport[39m { [33mCartProvider[39m 
} [36mfrom[39m 
[32m"@/contexts/CartContext"[39m[33m;[39m
 [90m 20 |[39m [36mimport[39m { 
[33mChatOpenProvider[39m } [36mfrom[39m 
[32m"@/contexts/ChatOpenContext"[39m[33m;[39m
 [90m 21 |[39m [36mimport[39m { [33mAuthProvider[39m 
} [36mfrom[39m 
[32m"@/components/shared/AuthProvider"[39m[33m;[39m[0m



Import trace:
  App Route:
    ./src/app/layout.tsx
    ./src/generated/client/index.js
    ./src/lib/prisma.ts
    ./src/app/api/admin/coupons/route.ts

https://nextjs.org/docs/messages/module-not-found


    at <unknown> (./src/app/layout.tsx:18:1)
    at <unknown> 
(https://nextjs.org/docs/messages/module-not-found)
